Archive member included to satisfy reference by file (symbol)

c:/stm32_toolchain/gcc-arm-none-eabi-5_3-151225/bin/../lib/gcc/arm-none-eabi/5.3.1/../../../../arm-none-eabi/lib/armv7e-m\libg_nano.a(lib_a-errno.o)
                              ./system/src/newlib/_sbrk.o (__errno)
c:/stm32_toolchain/gcc-arm-none-eabi-5_3-151225/bin/../lib/gcc/arm-none-eabi/5.3.1/../../../../arm-none-eabi/lib/armv7e-m\libg_nano.a(lib_a-impure.o)
                              c:/stm32_toolchain/gcc-arm-none-eabi-5_3-151225/bin/../lib/gcc/arm-none-eabi/5.3.1/../../../../arm-none-eabi/lib/armv7e-m\libg_nano.a(lib_a-errno.o) (_impure_ptr)
c:/stm32_toolchain/gcc-arm-none-eabi-5_3-151225/bin/../lib/gcc/arm-none-eabi/5.3.1/../../../../arm-none-eabi/lib/armv7e-m\libg_nano.a(lib_a-memcpy-stub.o)
                              ./src/gsm_adapter.o (memcpy)
c:/stm32_toolchain/gcc-arm-none-eabi-5_3-151225/bin/../lib/gcc/arm-none-eabi/5.3.1/../../../../arm-none-eabi/lib/armv7e-m\libg_nano.a(lib_a-memset.o)
                              ./src/gsm_adapter.o (memset)
c:/stm32_toolchain/gcc-arm-none-eabi-5_3-151225/bin/../lib/gcc/arm-none-eabi/5.3.1/../../../../arm-none-eabi/lib/armv7e-m\libg_nano.a(lib_a-strcpy.o)
                              ./src/gsm_adapter.o (strcpy)

Allocating common symbols
Common symbol       size              file

aTx_PC_Buffer       0x64              ./src/protocol.o
errno               0x4               ./system/src/newlib/_syscalls.o
UartHandle_X        0x40              ./src/GSM_UART.o
UartHandle_PC       0x40              ./src/GSM_UART.o
pFlash              0x20              ./system/src/stm32f4-hal/stm32f4xx_hal_flash.o
htim3               0x3c              ./src/GSM_TIM.o
rx_buffer           0x400             ./src/GSM_UART.o
tx_buffer           0x400             ./src/GSM_UART.o
aRx_X_Buffer_dummy  0x1               ./src/GSM_UART.o
aRx_PC_Buffer_dummy
                    0x1               ./src/GSM_UART.o
response_f          0x1               ./src/GSM_UART.o
aRx_PC_Buffer       0x64              ./src/protocol.o
htim2               0x3c              ./src/GSM_TIM.o
exception_f         0x1               ./src/GSM_UART.o
cue_f               0x1               ./src/GSM_UART.o
osTicks             0x1               ./src/GSM_TIM.o
aTxBuffer           0x64              ./src/GSM_UART.o

Discarded input sections

 .group         0x0000000000000000        0x8 ./system/src/stm32f4-hal/stm32f4xx_hal.o
 .group         0x0000000000000000        0x8 ./system/src/stm32f4-hal/stm32f4xx_hal.o
 .group         0x0000000000000000        0x8 ./system/src/stm32f4-hal/stm32f4xx_hal.o
 .group         0x0000000000000000        0x8 ./system/src/stm32f4-hal/stm32f4xx_hal.o
 .group         0x0000000000000000        0x8 ./system/src/stm32f4-hal/stm32f4xx_hal.o
 .group         0x0000000000000000        0x8 ./system/src/stm32f4-hal/stm32f4xx_hal.o
 .group         0x0000000000000000        0x8 ./system/src/stm32f4-hal/stm32f4xx_hal.o
 .group         0x0000000000000000        0x8 ./system/src/stm32f4-hal/stm32f4xx_hal.o
 .group         0x0000000000000000        0x8 ./system/src/stm32f4-hal/stm32f4xx_hal.o
 .group         0x0000000000000000        0x8 ./system/src/stm32f4-hal/stm32f4xx_hal.o
 .group         0x0000000000000000        0x8 ./system/src/stm32f4-hal/stm32f4xx_hal.o
 .group         0x0000000000000000        0x8 ./system/src/stm32f4-hal/stm32f4xx_hal.o
 .group         0x0000000000000000        0x8 ./system/src/stm32f4-hal/stm32f4xx_hal.o
 .group         0x0000000000000000        0x8 ./system/src/stm32f4-hal/stm32f4xx_hal.o
 .group         0x0000000000000000        0x8 ./system/src/stm32f4-hal/stm32f4xx_hal.o
 .group         0x0000000000000000        0x8 ./system/src/stm32f4-hal/stm32f4xx_hal.o
 .group         0x0000000000000000        0x8 ./system/src/stm32f4-hal/stm32f4xx_hal.o
 .group         0x0000000000000000        0x8 ./system/src/stm32f4-hal/stm32f4xx_hal.o
 .group         0x0000000000000000        0x8 ./system/src/stm32f4-hal/stm32f4xx_hal.o
 .group         0x0000000000000000        0x8 ./system/src/stm32f4-hal/stm32f4xx_hal.o
 .group         0x0000000000000000        0x8 ./system/src/stm32f4-hal/stm32f4xx_hal.o
 .group         0x0000000000000000        0x8 ./system/src/stm32f4-hal/stm32f4xx_hal.o
 .group         0x0000000000000000        0x8 ./system/src/stm32f4-hal/stm32f4xx_hal.o
 .group         0x0000000000000000        0x8 ./system/src/stm32f4-hal/stm32f4xx_hal.o
 .group         0x0000000000000000        0x8 ./system/src/stm32f4-hal/stm32f4xx_hal.o
 .group         0x0000000000000000        0x8 ./system/src/stm32f4-hal/stm32f4xx_hal.o
 .group         0x0000000000000000        0x8 ./system/src/stm32f4-hal/stm32f4xx_hal.o
 .group         0x0000000000000000        0x8 ./system/src/stm32f4-hal/stm32f4xx_hal.o
 .group         0x0000000000000000        0x8 ./system/src/stm32f4-hal/stm32f4xx_hal.o
[...]
Memory Configuration

Name             Origin             Length             Attributes
RAM              0x0000000020000000 0x0000000000020000 xrw
CCMRAM           0x0000000010000000 0x0000000000010000 xrw
FLASH            0x0000000008000000 0x0000000000100000 xr
FLASHB1          0x0000000000000000 0x0000000000000000 xr
EXTMEMB0         0x0000000000000000 0x0000000000000000 xr
EXTMEMB1         0x0000000000000000 0x0000000000000000 xr
EXTMEMB2         0x0000000000000000 0x0000000000000000 xr
EXTMEMB3         0x0000000000000000 0x0000000000000000 xr
MEMORY_ARRAY     0x0000000020002000 0x0000000000000020 xrw
*default*        0x0000000000000000 0xffffffffffffffff

Linker script and memory map

LOAD ./system/src/stm32f4-hal/stm32f4xx_hal.o
LOAD ./system/src/stm32f4-hal/stm32f4xx_hal_cortex.o
LOAD ./system/src/stm32f4-hal/stm32f4xx_hal_dma.o
LOAD ./system/src/stm32f4-hal/stm32f4xx_hal_flash.o
LOAD ./system/src/stm32f4-hal/stm32f4xx_hal_gpio.o
LOAD ./system/src/stm32f4-hal/stm32f4xx_hal_iwdg.o
LOAD ./system/src/stm32f4-hal/stm32f4xx_hal_pwr.o
LOAD ./system/src/stm32f4-hal/stm32f4xx_hal_pwr_ex.o
LOAD ./system/src/stm32f4-hal/stm32f4xx_hal_rcc.o
LOAD ./system/src/stm32f4-hal/stm32f4xx_hal_tim.o
LOAD ./system/src/stm32f4-hal/stm32f4xx_hal_tim_ex.o
LOAD ./system/src/stm32f4-hal/stm32f4xx_hal_uart.o
LOAD ./system/src/stm32f4-hal/stm32f4xx_hal_usart.o
LOAD ./system/src/newlib/_cxx.o
LOAD ./system/src/newlib/_exit.o
LOAD ./system/src/newlib/_sbrk.o
LOAD ./system/src/newlib/_startup.o
LOAD ./system/src/newlib/_syscalls.o
LOAD ./system/src/newlib/assert.o
LOAD ./system/src/diag/Trace.o
LOAD ./system/src/diag/trace_impl.o
LOAD ./system/src/cortexm/_initialize_hardware.o
LOAD ./system/src/cortexm/_reset_hardware.o
LOAD ./system/src/cortexm/exception_handlers.o
LOAD ./system/src/cmsis/system_stm32f4xx.o
LOAD ./system/src/cmsis/vectors_stm32f407xx.o
LOAD ./src/GSM_DIO.o
LOAD ./src/GSM_Modul.o
LOAD ./src/GSM_TIM.o
LOAD ./src/GSM_UART.o
LOAD ./src/_write.o
LOAD ./src/gsm_adapter.o
LOAD ./src/led_button.o
LOAD ./src/main.o
LOAD ./src/protocol.o
LOAD ./src/stm32f4xx_hal_msp.o
LOAD ./src/stm32f4xx_it.o
LOAD c:/stm32_toolchain/gcc-arm-none-eabi-5_3-151225/bin/../lib/gcc/arm-none-eabi/5.3.1/../../../../arm-none-eabi/lib/armv7e-m\libstdc++_nano.a
LOAD c:/stm32_toolchain/gcc-arm-none-eabi-5_3-151225/bin/../lib/gcc/arm-none-eabi/5.3.1/../../../../arm-none-eabi/lib/armv7e-m\libm.a
START GROUP
LOAD c:/stm32_toolchain/gcc-arm-none-eabi-5_3-151225/bin/../lib/gcc/arm-none-eabi/5.3.1/armv7e-m\libgcc.a
LOAD c:/stm32_toolchain/gcc-arm-none-eabi-5_3-151225/bin/../lib/gcc/arm-none-eabi/5.3.1/../../../../arm-none-eabi/lib/armv7e-m\libg_nano.a
LOAD c:/stm32_toolchain/gcc-arm-none-eabi-5_3-151225/bin/../lib/gcc/arm-none-eabi/5.3.1/../../../../arm-none-eabi/lib/armv7e-m\libc_nano.a
END GROUP
START GROUP
LOAD c:/stm32_toolchain/gcc-arm-none-eabi-5_3-151225/bin/../lib/gcc/arm-none-eabi/5.3.1/armv7e-m\libgcc.a
LOAD c:/stm32_toolchain/gcc-arm-none-eabi-5_3-151225/bin/../lib/gcc/arm-none-eabi/5.3.1/../../../../arm-none-eabi/lib/armv7e-m\libc_nano.a
END GROUP
                0x0000000020020000                __stack = (ORIGIN (RAM) + LENGTH (RAM))
                0x0000000020020000                _estack = __stack
                0x0000000000000400                __Main_Stack_Size = 0x400
                [!provide]                        PROVIDE (_Main_Stack_Size, __Main_Stack_Size)
                0x000000002001fc00                __Main_Stack_Limit = (__stack - __Main_Stack_Size)
                [!provide]                        PROVIDE (_Main_Stack_Limit, __Main_Stack_Limit)
                0x0000000000000100                _Minimum_Stack_Size = 0x100
                0x0000000020000a8c                PROVIDE (_Heap_Begin, _end_noinit)
                0x000000002001fc00                PROVIDE (_Heap_Limit, (__stack - __Main_Stack_Size))

.isr_vector     0x0000000008000000      0x330
 FILL mask 0xff
                0x0000000008000000                __vectors_start = ABSOLUTE (.)
                0x0000000008000000                __vectors_start__ = ABSOLUTE (.)
 *(.isr_vector)
 .isr_vector    0x0000000008000000      0x188 ./system/src/cmsis/vectors_stm32f407xx.o
                0x0000000008000000                __isr_vectors
 *(.cfmconfig)
 *(.after_vectors .after_vectors.*)
 .after_vectors
                0x0000000008000188      0x130 ./system/src/newlib/_startup.o
                0x0000000008000188                _start
 .after_vectors
                0x00000000080002b8       0x74 ./system/src/cortexm/exception_handlers.o
                0x00000000080002b8                Reset_Handler
                0x00000000080002d8                HardFault_Handler_C
                0x00000000080002f4                BusFault_Handler_C
                0x000000000800030c                UsageFault_Handler_C
 .after_vectors
                0x000000000800032c        0x4 ./system/src/cmsis/vectors_stm32f407xx.o
                0x000000000800032c                RTC_Alarm_IRQHandler
                0x000000000800032c                HASH_RNG_IRQHandler
                0x000000000800032c                EXTI2_IRQHandler
                0x000000000800032c                TIM8_CC_IRQHandler
                0x000000000800032c                TIM1_CC_IRQHandler
                0x000000000800032c                DMA2_Stream5_IRQHandler
                0x000000000800032c                DMA1_Stream5_IRQHandler
                0x000000000800032c                PVD_IRQHandler
                0x000000000800032c                SDIO_IRQHandler
                0x000000000800032c                TAMP_STAMP_IRQHandler
                0x000000000800032c                CAN2_RX1_IRQHandler
                0x000000000800032c                EXTI3_IRQHandler
                0x000000000800032c                TIM8_TRG_COM_TIM14_IRQHandler
                0x000000000800032c                TIM1_UP_TIM10_IRQHandler
                0x000000000800032c                TIM8_UP_TIM13_IRQHandler
                0x000000000800032c                I2C3_ER_IRQHandler
                0x000000000800032c                I2C2_EV_IRQHandler
                0x000000000800032c                DMA1_Stream2_IRQHandler
                0x000000000800032c                CAN1_RX0_IRQHandler
                0x000000000800032c                FPU_IRQHandler
                0x000000000800032c                OTG_HS_WKUP_IRQHandler
                0x000000000800032c                CAN2_SCE_IRQHandler
                0x000000000800032c                DMA2_Stream2_IRQHandler
                0x000000000800032c                SPI1_IRQHandler
                0x000000000800032c                TIM6_DAC_IRQHandler
                0x000000000800032c                TIM1_BRK_TIM9_IRQHandler
                0x000000000800032c                DCMI_IRQHandler
                0x000000000800032c                CAN2_RX0_IRQHandler
                0x000000000800032c                DMA2_Stream3_IRQHandler
                0x000000000800032c                USART3_IRQHandler
                0x000000000800032c                CAN1_RX1_IRQHandler
                0x000000000800032c                UART5_IRQHandler
                0x000000000800032c                DMA2_Stream0_IRQHandler
                0x000000000800032c                TIM4_IRQHandler
                0x000000000800032c                I2C1_EV_IRQHandler
                0x000000000800032c                DMA1_Stream6_IRQHandler
                0x000000000800032c                DMA1_Stream1_IRQHandler
                0x000000000800032c                UART4_IRQHandler
                0x000000000800032c                RCC_IRQHandler
                0x000000000800032c                TIM8_BRK_TIM12_IRQHandler
                0x000000000800032c                Default_Handler
                0x000000000800032c                EXTI15_10_IRQHandler
                0x000000000800032c                ADC_IRQHandler
                0x000000000800032c                DMA1_Stream7_IRQHandler
                0x000000000800032c                TIM7_IRQHandler
                0x000000000800032c                CAN2_TX_IRQHandler
                0x000000000800032c                TIM5_IRQHandler
                0x000000000800032c                DMA2_Stream7_IRQHandler
                0x000000000800032c                I2C3_EV_IRQHandler
                0x000000000800032c                EXTI9_5_IRQHandler
                0x000000000800032c                RTC_WKUP_IRQHandler
                0x000000000800032c                ETH_WKUP_IRQHandler
                0x000000000800032c                SPI2_IRQHandler
                0x000000000800032c                OTG_HS_EP1_IN_IRQHandler
                0x000000000800032c                DMA1_Stream0_IRQHandler
                0x000000000800032c                CAN1_TX_IRQHandler
                0x000000000800032c                EXTI4_IRQHandler
                0x000000000800032c                ETH_IRQHandler
                0x000000000800032c                OTG_HS_EP1_OUT_IRQHandler
                0x000000000800032c                WWDG_IRQHandler
                0x000000000800032c                OTG_FS_WKUP_IRQHandler
                0x000000000800032c                TIM1_TRG_COM_TIM11_IRQHandler
                0x000000000800032c                OTG_HS_IRQHandler
                0x000000000800032c                EXTI1_IRQHandler
                0x000000000800032c                I2C2_ER_IRQHandler
                0x000000000800032c                DMA2_Stream1_IRQHandler
                0x000000000800032c                CAN1_SCE_IRQHandler
                0x000000000800032c                FLASH_IRQHandler
                0x000000000800032c                DMA2_Stream4_IRQHandler
                0x000000000800032c                USART1_IRQHandler
                0x000000000800032c                OTG_FS_IRQHandler
                0x000000000800032c                SPI3_IRQHandler
                0x000000000800032c                DMA1_Stream4_IRQHandler
                0x000000000800032c                I2C1_ER_IRQHandler
                0x000000000800032c                FMC_IRQHandler
                0x000000000800032c                DMA2_Stream6_IRQHandler
                0x000000000800032c                DMA1_Stream3_IRQHandler

.inits          0x0000000008000330       0x28
                0x0000000008000330                __data_regions_array_start = .
                0x0000000008000330        0x4 LONG 0x8002d48 LOADADDR (.data)
                0x0000000008000334        0x4 LONG 0x20000000 ADDR (.data)
                0x0000000008000338        0x4 LONG 0x20000028 (ADDR (.data) + SIZEOF (.data))
                0x000000000800033c        0x4 LONG 0x8002d48 LOADADDR (.data_CCMRAM)
                0x0000000008000340        0x4 LONG 0x10000000 ADDR (.data_CCMRAM)
                0x0000000008000344        0x4 LONG 0x10000000 (ADDR (.data_CCMRAM) + SIZEOF (.data_CCMRAM))
                0x0000000008000348                __data_regions_array_end = .
                0x0000000008000348                __bss_regions_array_start = .
                0x0000000008000348        0x4 LONG 0x20000028 ADDR (.bss)
                0x000000000800034c        0x4 LONG 0x20000a8c (ADDR (.bss) + SIZEOF (.bss))
                0x0000000008000350        0x4 LONG 0x10000000 ADDR (.bss_CCMRAM)
                0x0000000008000354        0x4 LONG 0x10000000 (ADDR (.bss_CCMRAM) + SIZEOF (.bss_CCMRAM))
                0x0000000008000358                __bss_regions_array_end = .
 *(.init)
 *(.fini)
                0x0000000008000358                . = ALIGN (0x4)
                0x0000000008000358                PROVIDE (__preinit_array_start, .)
 *(.preinit_array_sysinit .preinit_array_sysinit.*)
 *(.preinit_array_platform .preinit_array_platform.*)
 *(.preinit_array .preinit_array.*)
                0x0000000008000358                PROVIDE (__preinit_array_end, .)
                0x0000000008000358                . = ALIGN (0x4)
                0x0000000008000358                PROVIDE (__init_array_start, .)
 *(SORT(.init_array.*))
 *(.init_array)
                0x0000000008000358                PROVIDE (__init_array_end, .)
                0x0000000008000358                . = ALIGN (0x4)
                0x0000000008000358                PROVIDE (__fini_array_start, .)
 *(SORT(.fini_array.*))
 *(.fini_array)
                0x0000000008000358                PROVIDE (__fini_array_end, .)

.flashtext
 *(.flashtext .flashtext.*)

.text           0x0000000008000358     0x29f0
 *(.text .text.*)
 .text.HAL_InitTick
                0x0000000008000358       0x28 ./system/src/stm32f4-hal/stm32f4xx_hal.o
                0x0000000008000358                HAL_InitTick
 .text.HAL_Init
                0x0000000008000380       0x34 ./system/src/stm32f4-hal/stm32f4xx_hal.o
                0x0000000008000380                HAL_Init
 .text.HAL_IncTick
                0x00000000080003b4       0x10 ./system/src/stm32f4-hal/stm32f4xx_hal.o
                0x00000000080003b4                HAL_IncTick
 .text.HAL_GetTick
                0x00000000080003c4        0xc ./system/src/stm32f4-hal/stm32f4xx_hal.o
                0x00000000080003c4                HAL_GetTick
 .text.HAL_Delay
                0x00000000080003d0       0x1c ./system/src/stm32f4-hal/stm32f4xx_hal.o
                0x00000000080003d0                HAL_Delay
 .text.HAL_NVIC_SetPriorityGrouping
                0x00000000080003ec       0x3c ./system/src/stm32f4-hal/stm32f4xx_hal_cortex.o
                0x00000000080003ec                HAL_NVIC_SetPriorityGrouping
 .text.HAL_NVIC_SetPriority
                0x0000000008000428       0x84 ./system/src/stm32f4-hal/stm32f4xx_hal_cortex.o
                0x0000000008000428                HAL_NVIC_SetPriority
 .text.HAL_NVIC_EnableIRQ
                0x00000000080004ac       0x2c ./system/src/stm32f4-hal/stm32f4xx_hal_cortex.o
                0x00000000080004ac                HAL_NVIC_EnableIRQ
 .text.HAL_NVIC_DisableIRQ
                0x00000000080004d8       0x2c ./system/src/stm32f4-hal/stm32f4xx_hal_cortex.o
                0x00000000080004d8                HAL_NVIC_DisableIRQ
 .text.HAL_SYSTICK_Config
                0x0000000008000504       0x2c ./system/src/stm32f4-hal/stm32f4xx_hal_cortex.o
                0x0000000008000504                HAL_SYSTICK_Config
 .text.HAL_NVIC_ClearPendingIRQ
                0x0000000008000530       0x30 ./system/src/stm32f4-hal/stm32f4xx_hal_cortex.o
                0x0000000008000530                HAL_NVIC_ClearPendingIRQ
 .text.HAL_SYSTICK_CLKSourceConfig
                0x0000000008000560       0x38 ./system/src/stm32f4-hal/stm32f4xx_hal_cortex.o
                0x0000000008000560                HAL_SYSTICK_CLKSourceConfig
 .text.HAL_GPIO_Init
                0x0000000008000598      0x32c ./system/src/stm32f4-hal/stm32f4xx_hal_gpio.o
                0x0000000008000598                HAL_GPIO_Init
 .text.HAL_GPIO_ReadPin
                0x00000000080008c4       0x24 ./system/src/stm32f4-hal/stm32f4xx_hal_gpio.o
                0x00000000080008c4                HAL_GPIO_ReadPin
 .text.HAL_GPIO_WritePin
                0x00000000080008e8       0x34 ./system/src/stm32f4-hal/stm32f4xx_hal_gpio.o
                0x00000000080008e8                HAL_GPIO_WritePin
 .text.HAL_GPIO_TogglePin
                0x000000000800091c       0x20 ./system/src/stm32f4-hal/stm32f4xx_hal_gpio.o
                0x000000000800091c                HAL_GPIO_TogglePin
 .text.HAL_GPIO_EXTI_IRQHandler
                0x000000000800093c       0x18 ./system/src/stm32f4-hal/stm32f4xx_hal_gpio.o
                0x000000000800093c                HAL_GPIO_EXTI_IRQHandler
 .text.HAL_RCC_OscConfig
                0x0000000008000954      0x4a8 ./system/src/stm32f4-hal/stm32f4xx_hal_rcc.o
                0x0000000008000954                HAL_RCC_OscConfig
 .text.HAL_RCC_ClockConfig
                0x0000000008000dfc      0x368 ./system/src/stm32f4-hal/stm32f4xx_hal_rcc.o
                0x0000000008000dfc                HAL_RCC_ClockConfig
 .text.HAL_RCC_GetSysClockFreq
                0x0000000008001164       0xa0 ./system/src/stm32f4-hal/stm32f4xx_hal_rcc.o
                0x0000000008001164                HAL_RCC_GetSysClockFreq
 .text.HAL_RCC_GetHCLKFreq
                0x0000000008001204       0x34 ./system/src/stm32f4-hal/stm32f4xx_hal_rcc.o
                0x0000000008001204                HAL_RCC_GetHCLKFreq
 .text.HAL_RCC_GetPCLK1Freq
                0x0000000008001238       0x30 ./system/src/stm32f4-hal/stm32f4xx_hal_rcc.o
                0x0000000008001238                HAL_RCC_GetPCLK1Freq
 .text.HAL_RCC_GetPCLK2Freq
                0x0000000008001268       0x30 ./system/src/stm32f4-hal/stm32f4xx_hal_rcc.o
                0x0000000008001268                HAL_RCC_GetPCLK2Freq
 .text.HAL_TIM_Base_Start_IT
                0x0000000008001298       0x9c ./system/src/stm32f4-hal/stm32f4xx_hal_tim.o
                0x0000000008001298                HAL_TIM_Base_Start_IT
 .text.HAL_TIM_Base_Stop_IT
                0x0000000008001334       0xb0 ./system/src/stm32f4-hal/stm32f4xx_hal_tim.o
                0x0000000008001334                HAL_TIM_Base_Stop_IT
 .text.HAL_TIM_OC_DelayElapsedCallback
                0x00000000080013e4        0x4 ./system/src/stm32f4-hal/stm32f4xx_hal_tim.o
                0x00000000080013e4                HAL_TIM_OC_DelayElapsedCallback
 .text.HAL_TIM_IC_CaptureCallback
                0x00000000080013e8        0x4 ./system/src/stm32f4-hal/stm32f4xx_hal_tim.o
                0x00000000080013e8                HAL_TIM_IC_CaptureCallback
 .text.HAL_TIM_PWM_PulseFinishedCallback
                0x00000000080013ec        0x4 ./system/src/stm32f4-hal/stm32f4xx_hal_tim.o
                0x00000000080013ec                HAL_TIM_PWM_PulseFinishedCallback
 .text.HAL_TIM_TriggerCallback
                0x00000000080013f0        0x4 ./system/src/stm32f4-hal/stm32f4xx_hal_tim.o
                0x00000000080013f0                HAL_TIM_TriggerCallback
 .text.HAL_TIM_IRQHandler
                0x00000000080013f4      0x174 ./system/src/stm32f4-hal/stm32f4xx_hal_tim.o
                0x00000000080013f4                HAL_TIM_IRQHandler
 .text.TIM_Base_SetConfig
                0x0000000008001568      0x11c ./system/src/stm32f4-hal/stm32f4xx_hal_tim.o
                0x0000000008001568                TIM_Base_SetConfig
 .text.HAL_TIM_Base_Init
                0x0000000008001684       0xec ./system/src/stm32f4-hal/stm32f4xx_hal_tim.o
                0x0000000008001684                HAL_TIM_Base_Init
 .text.HAL_TIMEx_CommutationCallback
                0x0000000008001770        0x4 ./system/src/stm32f4-hal/stm32f4xx_hal_tim_ex.o
                0x0000000008001770                HAL_TIMEx_CommutationCallback
 .text.HAL_TIMEx_BreakCallback
                0x0000000008001774        0x4 ./system/src/stm32f4-hal/stm32f4xx_hal_tim_ex.o
                0x0000000008001774                HAL_TIMEx_BreakCallback
 .text.UART_Transmit_IT
                0x0000000008001778       0x6c ./system/src/stm32f4-hal/stm32f4xx_hal_uart.o
 .text.UART_SetConfig
                0x00000000080017e4      0x26c ./system/src/stm32f4-hal/stm32f4xx_hal_uart.o
 .text.HAL_UART_Init
                0x0000000008001a50      0x11c ./system/src/stm32f4-hal/stm32f4xx_hal_uart.o
                0x0000000008001a50                HAL_UART_Init
 .text.HAL_UART_Transmit_IT
                0x0000000008001b6c       0x80 ./system/src/stm32f4-hal/stm32f4xx_hal_uart.o
                0x0000000008001b6c                HAL_UART_Transmit_IT
 .text.HAL_UART_Receive_IT
                0x0000000008001bec       0x80 ./system/src/stm32f4-hal/stm32f4xx_hal_uart.o
                0x0000000008001bec                HAL_UART_Receive_IT
 .text.UART_EndTransmit_IT
                0x0000000008001c6c       0x40 ./system/src/stm32f4-hal/stm32f4xx_hal_uart.o
 .text.UART_Receive_IT
                0x0000000008001cac       0xb4 ./system/src/stm32f4-hal/stm32f4xx_hal_uart.o
 .text.HAL_UART_IRQHandler
                0x0000000008001d60       0xec ./system/src/stm32f4-hal/stm32f4xx_hal_uart.o
                0x0000000008001d60                HAL_UART_IRQHandler
 .text._exit    0x0000000008001e4c        0x4 ./system/src/newlib/_exit.o
                0x0000000008001e4c                _exit
 .text.abort    0x0000000008001e50        0x8 ./system/src/newlib/_exit.o
                0x0000000008001e50                abort
 .text.__initialize_args
                0x0000000008001e58       0x10 ./system/src/newlib/_syscalls.o
                0x0000000008001e58                __initialize_args
 .text.assert_failed
                0x0000000008001e68        0x8 ./system/src/newlib/assert.o
                0x0000000008001e68                assert_failed
 .text.__initialize_hardware_early
                0x0000000008001e70       0x18 ./system/src/cortexm/_initialize_hardware.o
                0x0000000008001e70                __initialize_hardware_early
 .text.__initialize_hardware
                0x0000000008001e88        0x8 ./system/src/cortexm/_initialize_hardware.o
                0x0000000008001e88                __initialize_hardware
 .text.SystemInit
                0x0000000008001e90       0x40 ./system/src/cmsis/system_stm32f4xx.o
                0x0000000008001e90                SystemInit
 .text.SystemCoreClockUpdate
                0x0000000008001ed0       0xa0 ./system/src/cmsis/system_stm32f4xx.o
                0x0000000008001ed0                SystemCoreClockUpdate
 .text.GSM_DIO_WritePin
                0x0000000008001f70        0x8 ./src/GSM_DIO.o
                0x0000000008001f70                GSM_DIO_WritePin
 .text.GSM_DIO_ReadPin
                0x0000000008001f78        0x8 ./src/GSM_DIO.o
                0x0000000008001f78                GSM_DIO_ReadPin
 .text.GSM_Modul_ConfigComm
                0x0000000008001f80       0x44 ./src/GSM_Modul.o
                0x0000000008001f80                GSM_Modul_ConfigComm
 .text.GSM_Modul_Init
                0x0000000008001fc4        0xc ./src/GSM_Modul.o
                0x0000000008001fc4                GSM_Modul_Init
 .text.GSM_Modul_txctrl
                0x0000000008001fd0       0x18 ./src/GSM_Modul.o
                0x0000000008001fd0                GSM_Modul_txctrl
 .text.GSM_Modul_rxctrl
                0x0000000008001fe8       0x20 ./src/GSM_Modul.o
                0x0000000008001fe8                GSM_Modul_rxctrl
 .text.MX_TIM2_Init
                0x0000000008002008       0x34 ./src/GSM_TIM.o
                0x0000000008002008                MX_TIM2_Init
 .text.MX_TIM3_Init
                0x000000000800203c       0x28 ./src/GSM_TIM.o
                0x000000000800203c                MX_TIM3_Init
 .text.GSM_TIM_get_osTicks
                0x0000000008002064       0x14 ./src/GSM_TIM.o
                0x0000000008002064                GSM_TIM_get_osTicks
 .text.GSM_TIM_reset_osTicks
                0x0000000008002078       0x10 ./src/GSM_TIM.o
                0x0000000008002078                GSM_TIM_reset_osTicks
 .text.GSM_TIM_set_osTicks
                0x0000000008002088       0x10 ./src/GSM_TIM.o
                0x0000000008002088                GSM_TIM_set_osTicks
 .text.HAL_TIM_PeriodElapsedCallback
                0x0000000008002098       0x44 ./src/GSM_TIM.o
                0x0000000008002098                HAL_TIM_PeriodElapsedCallback
 .text.UARTX_GSM_PinsInit
                0x00000000080020dc       0x70 ./src/GSM_UART.o
                0x00000000080020dc                UARTX_GSM_PinsInit
 .text.UARTX_Init
                0x000000000800214c       0x4c ./src/GSM_UART.o
                0x000000000800214c                UARTX_Init
 .text.UARTX_Transmit
                0x0000000008002198       0x18 ./src/GSM_UART.o
                0x0000000008002198                UARTX_Transmit
 .text.UART_Handler
                0x00000000080021b0       0x44 ./src/GSM_UART.o
                0x00000000080021b0                UART_Handler
 .text.HAL_UART_RxCpltCallback
                0x00000000080021f4       0x40 ./src/GSM_UART.o
                0x00000000080021f4                HAL_UART_RxCpltCallback
 .text.HAL_UART_TxCpltCallback
                0x0000000008002234        0x4 ./src/GSM_UART.o
                0x0000000008002234                HAL_UART_TxCpltCallback
 .text.HAL_UART_ErrorCallback
                0x0000000008002238       0x28 ./src/GSM_UART.o
                0x0000000008002238                HAL_UART_ErrorCallback
 .text.UART_PC_Init
                0x0000000008002260       0x48 ./src/GSM_UART.o
                0x0000000008002260                UART_PC_Init
 .text.UARTPC_Transmit
                0x00000000080022a8       0x14 ./src/GSM_UART.o
                0x00000000080022a8                UARTPC_Transmit
 .text.at_adapter_reset
                0x00000000080022bc       0x54 ./src/gsm_adapter.o
                0x00000000080022bc                at_adapter_reset
 .text.at_adapter_init
                0x0000000008002310       0x68 ./src/gsm_adapter.o
                0x0000000008002310                at_adapter_init
 .text.at_adapter_tx
                0x0000000008002378       0xe0 ./src/gsm_adapter.o
                0x0000000008002378                at_adapter_tx
 .text.at_adapter_rx
                0x0000000008002458      0x24c ./src/gsm_adapter.o
                0x0000000008002458                at_adapter_rx
 .text.gsm_process
                0x00000000080026a4       0x58 ./src/gsm_adapter.o
                0x00000000080026a4                gsm_process
 .text.BSP_LED_Init
                0x00000000080026fc       0xa4 ./src/led_button.o
                0x00000000080026fc                BSP_LED_Init
 .text.BSP_LED_Toggle
                0x00000000080027a0       0x1c ./src/led_button.o
                0x00000000080027a0                BSP_LED_Toggle
 .text.BSP_LED_On
                0x00000000080027bc       0x20 ./src/led_button.o
                0x00000000080027bc                BSP_LED_On
 .text.BSP_PB_Init
                0x00000000080027dc       0x7c ./src/led_button.o
                0x00000000080027dc                BSP_PB_Init
 .text.set_button_state
                0x0000000008002858        0xc ./src/led_button.o
                0x0000000008002858                set_button_state
 .text.reset_button_state
                0x0000000008002864        0xc ./src/led_button.o
                0x0000000008002864                reset_button_state
 .text.get_button_state
                0x0000000008002870        0xc ./src/led_button.o
                0x0000000008002870                get_button_state
 .text.HAL_GPIO_EXTI_Callback
                0x000000000800287c       0x38 ./src/led_button.o
                0x000000000800287c                HAL_GPIO_EXTI_Callback
 .text.SystemClock_Config
                0x00000000080028b4       0xa4 ./src/main.o
 .text.main     0x0000000008002958       0x50 ./src/main.o
                0x0000000008002958                main
 .text.Error_HandlerPC
                0x00000000080029a8       0x14 ./src/main.o
                0x00000000080029a8                Error_HandlerPC
 .text.Error_HandlerX
                0x00000000080029bc       0x14 ./src/main.o
                0x00000000080029bc                Error_HandlerX
 .text.Error_HandlerTIM
                0x00000000080029d0       0x18 ./src/main.o
                0x00000000080029d0                Error_HandlerTIM
 .text.HAL_MspInit
                0x00000000080029e8       0x18 ./src/stm32f4xx_hal_msp.o
                0x00000000080029e8                HAL_MspInit
 .text.HAL_UART_MspInit
                0x0000000008002a00      0x100 ./src/stm32f4xx_hal_msp.o
                0x0000000008002a00                HAL_UART_MspInit
 .text.HAL_TIM_Base_MspInit
                0x0000000008002b00       0x6c ./src/stm32f4xx_hal_msp.o
                0x0000000008002b00                HAL_TIM_Base_MspInit
 .text.NMI_Handler
                0x0000000008002b6c        0x4 ./src/stm32f4xx_it.o
                0x0000000008002b6c                NMI_Handler
 .text.HardFault_Handler
                0x0000000008002b70        0x4 ./src/stm32f4xx_it.o
                0x0000000008002b70                HardFault_Handler
 .text.MemManage_Handler
                0x0000000008002b74        0x4 ./src/stm32f4xx_it.o
                0x0000000008002b74                MemManage_Handler
 .text.BusFault_Handler
                0x0000000008002b78        0x4 ./src/stm32f4xx_it.o
                0x0000000008002b78                BusFault_Handler
 .text.UsageFault_Handler
                0x0000000008002b7c        0x4 ./src/stm32f4xx_it.o
                0x0000000008002b7c                UsageFault_Handler
 .text.SVC_Handler
                0x0000000008002b80        0x4 ./src/stm32f4xx_it.o
                0x0000000008002b80                SVC_Handler
 .text.DebugMon_Handler
                0x0000000008002b84        0x4 ./src/stm32f4xx_it.o
                0x0000000008002b84                DebugMon_Handler
 .text.PendSV_Handler
                0x0000000008002b88        0x4 ./src/stm32f4xx_it.o
                0x0000000008002b88                PendSV_Handler
 .text.SysTick_Handler
                0x0000000008002b8c        0x8 ./src/stm32f4xx_it.o
                0x0000000008002b8c                SysTick_Handler
 .text.USART6_IRQHandler
                0x0000000008002b94       0x10 ./src/stm32f4xx_it.o
                0x0000000008002b94                USART6_IRQHandler
 .text.USART2_IRQHandler
                0x0000000008002ba4       0x10 ./src/stm32f4xx_it.o
                0x0000000008002ba4                USART2_IRQHandler
 .text.TIM2_IRQHandler
                0x0000000008002bb4       0x14 ./src/stm32f4xx_it.o
                0x0000000008002bb4                TIM2_IRQHandler
 .text.TIM3_IRQHandler
                0x0000000008002bc8       0x14 ./src/stm32f4xx_it.o
                0x0000000008002bc8                TIM3_IRQHandler
 .text.EXTI0_IRQHandler
                0x0000000008002bdc        0xc ./src/stm32f4xx_it.o
                0x0000000008002bdc                EXTI0_IRQHandler
 .text.memcpy   0x0000000008002be8       0x16 c:/stm32_toolchain/gcc-arm-none-eabi-5_3-151225/bin/../lib/gcc/arm-none-eabi/5.3.1/../../../../arm-none-eabi/lib/armv7e-m\libg_nano.a(lib_a-memcpy-stub.o)
                0x0000000008002be8                memcpy
 .text.memset   0x0000000008002bfe       0x10 c:/stm32_toolchain/gcc-arm-none-eabi-5_3-151225/bin/../lib/gcc/arm-none-eabi/5.3.1/../../../../arm-none-eabi/lib/armv7e-m\libg_nano.a(lib_a-memset.o)
                0x0000000008002bfe                memset
 .text.strcpy   0x0000000008002c0e       0x10 c:/stm32_toolchain/gcc-arm-none-eabi-5_3-151225/bin/../lib/gcc/arm-none-eabi/5.3.1/../../../../arm-none-eabi/lib/armv7e-m\libg_nano.a(lib_a-strcpy.o)
                0x0000000008002c0e                strcpy
 *(.rodata .rodata.* .constdata .constdata.*)
 *fill*         0x0000000008002c1e        0x2 
 .rodata.str1.4
                0x0000000008002c20       0x31 ./system/src/stm32f4-hal/stm32f4xx_hal_cortex.o
 *fill*         0x0000000008002c51        0x3 
 .rodata.str1.4
                0x0000000008002c54       0x2f ./system/src/stm32f4-hal/stm32f4xx_hal_gpio.o
 *fill*         0x0000000008002c83        0x1 
 .rodata.APBAHBPrescTable
                0x0000000008002c84       0x10 ./system/src/stm32f4-hal/stm32f4xx_hal_rcc.o
                0x0000000008002c84                APBAHBPrescTable
 .rodata.str1.4
                0x0000000008002c94       0x2e ./system/src/stm32f4-hal/stm32f4xx_hal_rcc.o
 *fill*         0x0000000008002cc2        0x2 
 .rodata.str1.4
                0x0000000008002cc4       0x2e ./system/src/stm32f4-hal/stm32f4xx_hal_tim.o
 *fill*         0x0000000008002cf2        0x2 
 .rodata.str1.4
                0x0000000008002cf4       0x2f ./system/src/stm32f4-hal/stm32f4xx_hal_uart.o
 *fill*         0x0000000008002d23        0x1 
 .rodata.AHBPrescTable
                0x0000000008002d24       0x10 ./system/src/cmsis/system_stm32f4xx.o
                0x0000000008002d24                AHBPrescTable
 .rodata.str1.4
                0x0000000008002d34        0xc ./src/gsm_adapter.o
 .rodata.GPIO_PIN
                0x0000000008002d40        0x8 ./src/led_button.o
                0x0000000008002d40                GPIO_PIN
 *(vtable)
 *(.eh_frame*)
 *(.glue_7)
 .glue_7        0x0000000008002d48        0x0 linker stubs
 *(.glue_7t)
 .glue_7t       0x0000000008002d48        0x0 linker stubs

.vfp11_veneer   0x0000000008002d48        0x0
 .vfp11_veneer  0x0000000008002d48        0x0 linker stubs

.v4_bx          0x0000000008002d48        0x0
 .v4_bx         0x0000000008002d48        0x0 linker stubs

.iplt           0x0000000008002d48        0x0
 .iplt          0x0000000008002d48        0x0 ./system/src/stm32f4-hal/stm32f4xx_hal.o

.rel.dyn        0x0000000008002d48        0x0
 .rel.iplt      0x0000000008002d48        0x0 ./system/src/stm32f4-hal/stm32f4xx_hal.o

.ARM.extab
 *(.ARM.extab* .gnu.linkonce.armextab.*)
                0x0000000008002d48                . = ALIGN (0x4)
                0x0000000008002d48                __exidx_start = .

.ARM.exidx
 *(.ARM.exidx* .gnu.linkonce.armexidx.*)
                0x0000000008002d48                __exidx_end = .
                0x0000000008002d48                . = ALIGN (0x4)
                0x0000000008002d48                _etext = .
                0x0000000008002d48                __etext = .

.data_CCMRAM    0x0000000010000000        0x0 load address 0x0000000008002d48
 FILL mask 0xff
 *(.data.CCMRAM .data.CCMRAM.*)
                0x0000000010000000                . = ALIGN (0x4)
                0x0000000008002d48                _sidata = LOADADDR (.data)

.data           0x0000000020000000       0x28 load address 0x0000000008002d48
 FILL mask 0xff
                0x0000000020000000                _sdata = .
                0x0000000020000000                __data_start__ = .
 *(.data_begin .data_begin.*)
 .data_begin    0x0000000020000000        0x4 ./system/src/newlib/_startup.o
 *(.data .data.*)
 .data.argv.4247
                0x0000000020000004        0x8 ./system/src/newlib/_syscalls.o
 .data.SystemCoreClock
                0x000000002000000c        0x4 ./system/src/cmsis/system_stm32f4xx.o
                0x000000002000000c                SystemCoreClock
 .data.GPIO_PORT
                0x0000000020000010       0x10 ./src/led_button.o
                0x0000000020000010                GPIO_PORT
 .data.BUTTON_PORT
                0x0000000020000020        0x4 ./src/led_button.o
                0x0000000020000020                BUTTON_PORT
 *(.data_end .data_end.*)
 .data_end      0x0000000020000024        0x4 ./system/src/newlib/_startup.o
                0x0000000020000028                . = ALIGN (0x4)
                0x0000000020000028                _edata = .
                0x0000000020000028                __data_end__ = .

.igot.plt       0x0000000020000028        0x0 load address 0x0000000008002d70
 .igot.plt      0x0000000020000028        0x0 ./system/src/stm32f4-hal/stm32f4xx_hal.o

.bss_CCMRAM     0x0000000010000000        0x0
 *(.bss.CCMRAM .bss.CCMRAM.*)

.bss            0x0000000020000028      0xa64
                0x0000000020000028                __bss_start__ = .
                0x0000000020000028                _sbss = .
 *(.bss_begin .bss_begin.*)
 .bss_begin     0x0000000020000028        0x4 ./system/src/newlib/_startup.o
 *(.bss .bss.*)
 .bss.uwTick    0x000000002000002c        0x4 ./system/src/stm32f4-hal/stm32f4xx_hal.o
 .bss.name.4246
                0x0000000020000030        0x1 ./system/src/newlib/_syscalls.o
 .bss.err_c     0x0000000020000031        0x1 ./src/gsm_adapter.o
 .bss.tx_idx    0x0000000020000032        0x2 ./src/gsm_adapter.o
 .bss.head_t    0x0000000020000034        0x1 ./src/gsm_adapter.o
 .bss.frag_f    0x0000000020000035        0x1 ./src/gsm_adapter.o
 .bss.term_f    0x0000000020000036        0x1 ./src/gsm_adapter.o
 .bss.head_f    0x0000000020000037        0x1 ./src/gsm_adapter.o
 .bss.summ_t    0x0000000020000038        0x1 ./src/gsm_adapter.o
 *fill*         0x0000000020000039        0x1 
 .bss.rx_idx    0x000000002000003a        0x2 ./src/gsm_adapter.o
 .bss.err_f     0x000000002000003c        0x1 ./src/gsm_adapter.o
 *fill*         0x000000002000003d        0x3 
 .bss.data_ptr  0x0000000020000040        0x4 ./src/gsm_adapter.o
 .bss.error     0x0000000020000044        0xf ./src/gsm_adapter.o
 .bss.data_t    0x0000000020000053        0x1 ./src/gsm_adapter.o
 .bss.data_f    0x0000000020000054        0x1 ./src/gsm_adapter.o
 .bss.summ_f    0x0000000020000055        0x1 ./src/gsm_adapter.o
 .bss.button    0x0000000020000056        0x1 ./src/led_button.o
 *(COMMON)
 *fill*         0x0000000020000057        0x1 
 COMMON         0x0000000020000058       0x79 ./src/GSM_TIM.o
                0x0000000020000058                htim3
                0x0000000020000094                htim2
                0x00000000200000d0                osTicks
 *fill*         0x00000000200000d1        0x3 
 COMMON         0x00000000200000d4      0x8ec ./src/GSM_UART.o
                0x00000000200000d4                UartHandle_X
                0x0000000020000114                UartHandle_PC
                0x0000000020000154                rx_buffer
                0x0000000020000554                tx_buffer
                0x0000000020000954                aRx_X_Buffer_dummy
                0x0000000020000955                aRx_PC_Buffer_dummy
                0x0000000020000956                response_f
                0x0000000020000957                exception_f
                0x0000000020000958                cue_f
                0x000000002000095c                aTxBuffer
 COMMON         0x00000000200009c0       0xc8 ./src/protocol.o
                0x00000000200009c0                aTx_PC_Buffer
                0x0000000020000a24                aRx_PC_Buffer
 *(.bss_end .bss_end.*)
 .bss_end       0x0000000020000a88        0x4 ./system/src/newlib/_startup.o
                0x0000000020000a8c                . = ALIGN (0x4)
                0x0000000020000a8c                __bss_end__ = .
                0x0000000020000a8c                _ebss = .

.noinit_CCMRAM
 *(.noinit.CCMRAM .noinit.CCMRAM.*)

.noinit         0x0000000020000a8c        0x0
                0x0000000020000a8c                _noinit = .
 *(.noinit .noinit.*)
                0x0000000020000a8c                . = ALIGN (0x4)
                0x0000000020000a8c                _end_noinit = .
                [!provide]                        PROVIDE (end, _end_noinit)
                [!provide]                        PROVIDE (_end, _end_noinit)
                [!provide]                        PROVIDE (__end, _end_noinit)
                [!provide]                        PROVIDE (__end__, _end_noinit)

._check_stack   0x0000000020000a8c      0x100
                0x0000000020000b8c                . = (. + _Minimum_Stack_Size)
 *fill*         0x0000000020000a8c      0x100 

.b1text
 *(.b1text)
 *(.b1rodata)
 *(.b1rodata.*)

.eb0text
 *(.eb0text)
 *(.eb0rodata)
 *(.eb0rodata.*)

.eb1text
 *(.eb1text)
 *(.eb1rodata)
 *(.eb1rodata.*)

.eb2text
 *(.eb2text)
 *(.eb2rodata)
 *(.eb2rodata.*)

.eb3text
 *(.eb3text)
 *(.eb3rodata)
 *(.eb3rodata.*)

.stab
 *(.stab)

.stabstr
 *(.stabstr)

.stab.excl
 *(.stab.excl)

.stab.exclstr
 *(.stab.exclstr)

.stab.index
 *(.stab.index)

.stab.indexstr
 *(.stab.indexstr)

.comment        0x0000000000000000       0x5d
 *(.comment)
 .comment       0x0000000000000000       0x5d ./system/src/stm32f4-hal/stm32f4xx_hal.o
                                         0x5e (size before relaxing)
 .comment       0x000000000000005d       0x5e ./system/src/stm32f4-hal/stm32f4xx_hal_cortex.o
 .comment       0x000000000000005d       0x5e ./system/src/stm32f4-hal/stm32f4xx_hal_gpio.o
 .comment       0x000000000000005d       0x5e ./system/src/stm32f4-hal/stm32f4xx_hal_rcc.o
 .comment       0x000000000000005d       0x5e ./system/src/stm32f4-hal/stm32f4xx_hal_tim.o
 .comment       0x000000000000005d       0x5e ./system/src/stm32f4-hal/stm32f4xx_hal_tim_ex.o
 .comment       0x000000000000005d       0x5e ./system/src/stm32f4-hal/stm32f4xx_hal_uart.o
 .comment       0x000000000000005d       0x5e ./system/src/newlib/_exit.o
 .comment       0x000000000000005d       0x5e ./system/src/newlib/_startup.o
 .comment       0x000000000000005d       0x5e ./system/src/newlib/_syscalls.o
 .comment       0x000000000000005d       0x5e ./system/src/newlib/assert.o
 .comment       0x000000000000005d       0x5e ./system/src/cortexm/_initialize_hardware.o
 .comment       0x000000000000005d       0x5e ./system/src/cortexm/exception_handlers.o
 .comment       0x000000000000005d       0x5e ./system/src/cmsis/system_stm32f4xx.o
 .comment       0x000000000000005d       0x5e ./system/src/cmsis/vectors_stm32f407xx.o
 .comment       0x000000000000005d       0x5e ./src/GSM_DIO.o
 .comment       0x000000000000005d       0x5e ./src/GSM_Modul.o
 .comment       0x000000000000005d       0x5e ./src/GSM_TIM.o
 .comment       0x000000000000005d       0x5e ./src/GSM_UART.o
 .comment       0x000000000000005d       0x5e ./src/gsm_adapter.o
 .comment       0x000000000000005d       0x5e ./src/led_button.o
 .comment       0x000000000000005d       0x5e ./src/main.o
 .comment       0x000000000000005d       0x5e ./src/protocol.o
 .comment       0x000000000000005d       0x5e ./src/stm32f4xx_hal_msp.o
 .comment       0x000000000000005d       0x5e ./src/stm32f4xx_it.o
 .comment       0x000000000000005d       0x5e c:/stm32_toolchain/gcc-arm-none-eabi-5_3-151225/bin/../lib/gcc/arm-none-eabi/5.3.1/../../../../arm-none-eabi/lib/armv7e-m\libg_nano.a(lib_a-memcpy-stub.o)
 .comment       0x000000000000005d       0x5e c:/stm32_toolchain/gcc-arm-none-eabi-5_3-151225/bin/../lib/gcc/arm-none-eabi/5.3.1/../../../../arm-none-eabi/lib/armv7e-m\libg_nano.a(lib_a-memset.o)
 .comment       0x000000000000005d       0x5e c:/stm32_toolchain/gcc-arm-none-eabi-5_3-151225/bin/../lib/gcc/arm-none-eabi/5.3.1/../../../../arm-none-eabi/lib/armv7e-m\libg_nano.a(lib_a-strcpy.o)

.ARM.attributes
                0x0000000000000000       0x33
 .ARM.attributes
                0x0000000000000000       0x33 ./system/src/stm32f4-hal/stm32f4xx_hal.o
 .ARM.attributes
                0x0000000000000033       0x33 ./system/src/stm32f4-hal/stm32f4xx_hal_cortex.o
 .ARM.attributes
                0x0000000000000066       0x33 ./system/src/stm32f4-hal/stm32f4xx_hal_gpio.o
 .ARM.attributes
                0x0000000000000099       0x33 ./system/src/stm32f4-hal/stm32f4xx_hal_rcc.o
 .ARM.attributes
                0x00000000000000cc       0x33 ./system/src/stm32f4-hal/stm32f4xx_hal_tim.o
 .ARM.attributes
                0x00000000000000ff       0x33 ./system/src/stm32f4-hal/stm32f4xx_hal_tim_ex.o
 .ARM.attributes
                0x0000000000000132       0x33 ./system/src/stm32f4-hal/stm32f4xx_hal_uart.o
 .ARM.attributes
                0x0000000000000165       0x33 ./system/src/newlib/_exit.o
 .ARM.attributes
                0x0000000000000198       0x33 ./system/src/newlib/_startup.o
 .ARM.attributes
                0x00000000000001cb       0x33 ./system/src/newlib/_syscalls.o
 .ARM.attributes
                0x00000000000001fe       0x33 ./system/src/newlib/assert.o
 .ARM.attributes
                0x0000000000000231       0x33 ./system/src/cortexm/_initialize_hardware.o
 .ARM.attributes
                0x0000000000000264       0x33 ./system/src/cortexm/exception_handlers.o
 .ARM.attributes
                0x0000000000000297       0x33 ./system/src/cmsis/system_stm32f4xx.o
 .ARM.attributes
                0x00000000000002ca       0x33 ./system/src/cmsis/vectors_stm32f407xx.o
 .ARM.attributes
                0x00000000000002fd       0x33 ./src/GSM_DIO.o
 .ARM.attributes
                0x0000000000000330       0x33 ./src/GSM_Modul.o
 .ARM.attributes
                0x0000000000000363       0x33 ./src/GSM_TIM.o
 .ARM.attributes
                0x0000000000000396       0x33 ./src/GSM_UART.o
 .ARM.attributes
                0x00000000000003c9       0x33 ./src/gsm_adapter.o
 .ARM.attributes
                0x00000000000003fc       0x33 ./src/led_button.o
 .ARM.attributes
                0x000000000000042f       0x33 ./src/main.o
 .ARM.attributes
                0x0000000000000462       0x33 ./src/protocol.o
 .ARM.attributes
                0x0000000000000495       0x33 ./src/stm32f4xx_hal_msp.o
 .ARM.attributes
                0x00000000000004c8       0x33 ./src/stm32f4xx_it.o
 .ARM.attributes
                0x00000000000004fb       0x2e c:/stm32_toolchain/gcc-arm-none-eabi-5_3-151225/bin/../lib/gcc/arm-none-eabi/5.3.1/../../../../arm-none-eabi/lib/armv7e-m\libg_nano.a(lib_a-memcpy-stub.o)
 .ARM.attributes
                0x0000000000000529       0x2e c:/stm32_toolchain/gcc-arm-none-eabi-5_3-151225/bin/../lib/gcc/arm-none-eabi/5.3.1/../../../../arm-none-eabi/lib/armv7e-m\libg_nano.a(lib_a-memset.o)
 .ARM.attributes
                0x0000000000000557       0x2e c:/stm32_toolchain/gcc-arm-none-eabi-5_3-151225/bin/../lib/gcc/arm-none-eabi/5.3.1/../../../../arm-none-eabi/lib/armv7e-m\libg_nano.a(lib_a-strcpy.o)

.debug
 *(.debug)

.line
 *(.line)

.debug_srcinfo
 *(.debug_srcinfo)

.debug_sfnames
 *(.debug_sfnames)

.debug_aranges  0x0000000000000000      0xd50
 *(.debug_aranges)
 .debug_aranges
                0x0000000000000000       0xc0 ./system/src/stm32f4-hal/stm32f4xx_hal.o
 .debug_aranges
                0x00000000000000c0       0x98 ./system/src/stm32f4-hal/stm32f4xx_hal_cortex.o
 .debug_aranges
                0x0000000000000158       0x58 ./system/src/stm32f4-hal/stm32f4xx_hal_gpio.o
 .debug_aranges
                0x00000000000001b0       0x88 ./system/src/stm32f4-hal/stm32f4xx_hal_rcc.o
 .debug_aranges
                0x0000000000000238      0x368 ./system/src/stm32f4-hal/stm32f4xx_hal_tim.o
 .debug_aranges
                0x00000000000005a0      0x140 ./system/src/stm32f4-hal/stm32f4xx_hal_tim_ex.o
 .debug_aranges
                0x00000000000006e0      0x150 ./system/src/stm32f4-hal/stm32f4xx_hal_uart.o
 .debug_aranges
                0x0000000000000830       0x28 ./system/src/newlib/_exit.o
 .debug_aranges
                0x0000000000000858       0x40 ./system/src/newlib/_startup.o
 .debug_aranges
                0x0000000000000898       0x30 ./system/src/newlib/_syscalls.o
 .debug_aranges
                0x00000000000008c8       0x28 ./system/src/newlib/assert.o
 .debug_aranges
                0x00000000000008f0       0x28 ./system/src/cortexm/_initialize_hardware.o
 .debug_aranges
                0x0000000000000918       0x80 ./system/src/cortexm/exception_handlers.o
 .debug_aranges
                0x0000000000000998       0x28 ./system/src/cmsis/system_stm32f4xx.o
 .debug_aranges
                0x00000000000009c0       0x20 ./system/src/cmsis/vectors_stm32f407xx.o
 .debug_aranges
                0x00000000000009e0       0x28 ./src/GSM_DIO.o
 .debug_aranges
                0x0000000000000a08       0x40 ./src/GSM_Modul.o
 .debug_aranges
                0x0000000000000a48       0x48 ./src/GSM_TIM.o
 .debug_aranges
                0x0000000000000a90       0x70 ./src/GSM_UART.o
 .debug_aranges
                0x0000000000000b00       0x48 ./src/gsm_adapter.o
 .debug_aranges
                0x0000000000000b48       0x68 ./src/led_button.o
 .debug_aranges
                0x0000000000000bb0       0x40 ./src/main.o
 .debug_aranges
                0x0000000000000bf0       0x38 ./src/protocol.o
 .debug_aranges
                0x0000000000000c28       0x40 ./src/stm32f4xx_hal_msp.o
 .debug_aranges
                0x0000000000000c68       0x88 ./src/stm32f4xx_it.o
 .debug_aranges
                0x0000000000000cf0       0x20 c:/stm32_toolchain/gcc-arm-none-eabi-5_3-151225/bin/../lib/gcc/arm-none-eabi/5.3.1/../../../../arm-none-eabi/lib/armv7e-m\libg_nano.a(lib_a-memcpy-stub.o)
 .debug_aranges
                0x0000000000000d10       0x20 c:/stm32_toolchain/gcc-arm-none-eabi-5_3-151225/bin/../lib/gcc/arm-none-eabi/5.3.1/../../../../arm-none-eabi/lib/armv7e-m\libg_nano.a(lib_a-memset.o)
 .debug_aranges
                0x0000000000000d30       0x20 c:/stm32_toolchain/gcc-arm-none-eabi-5_3-151225/bin/../lib/gcc/arm-none-eabi/5.3.1/../../../../arm-none-eabi/lib/armv7e-m\libg_nano.a(lib_a-strcpy.o)

.debug_pubnames
 *(.debug_pubnames)

.debug_info     0x0000000000000000    0x11358
 *(.debug_info .gnu.linkonce.wi.*)
 .debug_info    0x0000000000000000      0x8f3 ./system/src/stm32f4-hal/stm32f4xx_hal.o
 .debug_info    0x00000000000008f3     0x1110 ./system/src/stm32f4-hal/stm32f4xx_hal_cortex.o
 .debug_info    0x0000000000001a03      0x87a ./system/src/stm32f4-hal/stm32f4xx_hal_gpio.o
 .debug_info    0x000000000000227d      0xfe1 ./system/src/stm32f4-hal/stm32f4xx_hal_rcc.o
 .debug_info    0x000000000000325e     0x430c ./system/src/stm32f4-hal/stm32f4xx_hal_tim.o
 .debug_info    0x000000000000756a     0x18b0 ./system/src/stm32f4-hal/stm32f4xx_hal_tim_ex.o
 .debug_info    0x0000000000008e1a     0x14e9 ./system/src/stm32f4-hal/stm32f4xx_hal_uart.o
 .debug_info    0x000000000000a303       0xee ./system/src/newlib/_exit.o
 .debug_info    0x000000000000a3f1      0x4ef ./system/src/newlib/_startup.o
 .debug_info    0x000000000000a8e0      0x1bc ./system/src/newlib/_syscalls.o
 .debug_info    0x000000000000aa9c      0x16c ./system/src/newlib/assert.o
 .debug_info    0x000000000000ac08      0x2ca ./system/src/cortexm/_initialize_hardware.o
 .debug_info    0x000000000000aed2      0x2a6 ./system/src/cortexm/exception_handlers.o
 .debug_info    0x000000000000b178      0x4cf ./system/src/cmsis/system_stm32f4xx.o
 .debug_info    0x000000000000b647       0xd1 ./system/src/cmsis/vectors_stm32f407xx.o
 .debug_info    0x000000000000b718      0x244 ./src/GSM_DIO.o
 .debug_info    0x000000000000b95c      0x3cd ./src/GSM_Modul.o
 .debug_info    0x000000000000bd29      0xa10 ./src/GSM_TIM.o
 .debug_info    0x000000000000c739      0xd60 ./src/GSM_UART.o
 .debug_info    0x000000000000d499      0x478 ./src/gsm_adapter.o
 .debug_info    0x000000000000d911      0xf4f ./src/led_button.o
 .debug_info    0x000000000000e860      0x9e7 ./src/main.o
 .debug_info    0x000000000000f247      0x315 ./src/protocol.o
 .debug_info    0x000000000000f55c      0xfeb ./src/stm32f4xx_hal_msp.o
 .debug_info    0x0000000000010547      0xb6a ./src/stm32f4xx_it.o
 .debug_info    0x00000000000110b1      0x111 c:/stm32_toolchain/gcc-arm-none-eabi-5_3-151225/bin/../lib/gcc/arm-none-eabi/5.3.1/../../../../arm-none-eabi/lib/armv7e-m\libg_nano.a(lib_a-memcpy-stub.o)
 .debug_info    0x00000000000111c2       0xd6 c:/stm32_toolchain/gcc-arm-none-eabi-5_3-151225/bin/../lib/gcc/arm-none-eabi/5.3.1/../../../../arm-none-eabi/lib/armv7e-m\libg_nano.a(lib_a-memset.o)
 .debug_info    0x0000000000011298       0xc0 c:/stm32_toolchain/gcc-arm-none-eabi-5_3-151225/bin/../lib/gcc/arm-none-eabi/5.3.1/../../../../arm-none-eabi/lib/armv7e-m\libg_nano.a(lib_a-strcpy.o)

.debug_abbrev   0x0000000000000000     0x2a49
 *(.debug_abbrev)
 .debug_abbrev  0x0000000000000000      0x222 ./system/src/stm32f4-hal/stm32f4xx_hal.o
 .debug_abbrev  0x0000000000000222      0x324 ./system/src/stm32f4-hal/stm32f4xx_hal_cortex.o
 .debug_abbrev  0x0000000000000546      0x204 ./system/src/stm32f4-hal/stm32f4xx_hal_gpio.o
 .debug_abbrev  0x000000000000074a      0x2b8 ./system/src/stm32f4-hal/stm32f4xx_hal_rcc.o
 .debug_abbrev  0x0000000000000a02      0x22c ./system/src/stm32f4-hal/stm32f4xx_hal_tim.o
 .debug_abbrev  0x0000000000000c2e      0x21b ./system/src/stm32f4-hal/stm32f4xx_hal_tim_ex.o
 .debug_abbrev  0x0000000000000e49      0x239 ./system/src/stm32f4-hal/stm32f4xx_hal_uart.o
 .debug_abbrev  0x0000000000001082       0xbd ./system/src/newlib/_exit.o
 .debug_abbrev  0x000000000000113f      0x1d4 ./system/src/newlib/_startup.o
 .debug_abbrev  0x0000000000001313       0xec ./system/src/newlib/_syscalls.o
 .debug_abbrev  0x00000000000013ff       0xb9 ./system/src/newlib/assert.o
 .debug_abbrev  0x00000000000014b8       0xea ./system/src/cortexm/_initialize_hardware.o
 .debug_abbrev  0x00000000000015a2      0x12a ./system/src/cortexm/exception_handlers.o
 .debug_abbrev  0x00000000000016cc      0x104 ./system/src/cmsis/system_stm32f4xx.o
 .debug_abbrev  0x00000000000017d0       0x9d ./system/src/cmsis/vectors_stm32f407xx.o
 .debug_abbrev  0x000000000000186d      0x12a ./src/GSM_DIO.o
 .debug_abbrev  0x0000000000001997      0x14a ./src/GSM_Modul.o
 .debug_abbrev  0x0000000000001ae1      0x1d4 ./src/GSM_TIM.o
 .debug_abbrev  0x0000000000001cb5      0x1ee ./src/GSM_UART.o
 .debug_abbrev  0x0000000000001ea3      0x160 ./src/gsm_adapter.o
 .debug_abbrev  0x0000000000002003      0x240 ./src/led_button.o
 .debug_abbrev  0x0000000000002243      0x1c1 ./src/main.o
 .debug_abbrev  0x0000000000002404      0x12b ./src/protocol.o
 .debug_abbrev  0x000000000000252f      0x1af ./src/stm32f4xx_hal_msp.o
 .debug_abbrev  0x00000000000026de      0x1c6 ./src/stm32f4xx_it.o
 .debug_abbrev  0x00000000000028a4       0xa9 c:/stm32_toolchain/gcc-arm-none-eabi-5_3-151225/bin/../lib/gcc/arm-none-eabi/5.3.1/../../../../arm-none-eabi/lib/armv7e-m\libg_nano.a(lib_a-memcpy-stub.o)
 .debug_abbrev  0x000000000000294d       0x8c c:/stm32_toolchain/gcc-arm-none-eabi-5_3-151225/bin/../lib/gcc/arm-none-eabi/5.3.1/../../../../arm-none-eabi/lib/armv7e-m\libg_nano.a(lib_a-memset.o)
 .debug_abbrev  0x00000000000029d9       0x70 c:/stm32_toolchain/gcc-arm-none-eabi-5_3-151225/bin/../lib/gcc/arm-none-eabi/5.3.1/../../../../arm-none-eabi/lib/armv7e-m\libg_nano.a(lib_a-strcpy.o)

.debug_line     0x0000000000000000     0xdce6
 *(.debug_line)
 .debug_line    0x0000000000000000      0x777 ./system/src/stm32f4-hal/stm32f4xx_hal.o
 .debug_line    0x0000000000000777      0x85b ./system/src/stm32f4-hal/stm32f4xx_hal_cortex.o
 .debug_line    0x0000000000000fd2      0x90b ./system/src/stm32f4-hal/stm32f4xx_hal_gpio.o
 .debug_line    0x00000000000018dd      0xa98 ./system/src/stm32f4-hal/stm32f4xx_hal_rcc.o
 .debug_line    0x0000000000002375     0x32fa ./system/src/stm32f4-hal/stm32f4xx_hal_tim.o
 .debug_line    0x000000000000566f     0x10c2 ./system/src/stm32f4-hal/stm32f4xx_hal_tim_ex.o
 .debug_line    0x0000000000006731      0xe61 ./system/src/stm32f4-hal/stm32f4xx_hal_uart.o
 .debug_line    0x0000000000007592      0x2d0 ./system/src/newlib/_exit.o
 .debug_line    0x0000000000007862      0x320 ./system/src/newlib/_startup.o
 .debug_line    0x0000000000007b82      0x3a2 ./system/src/newlib/_syscalls.o
 .debug_line    0x0000000000007f24      0x2ed ./system/src/newlib/assert.o
 .debug_line    0x0000000000008211      0x61b ./system/src/cortexm/_initialize_hardware.o
 .debug_line    0x000000000000882c      0x748 ./system/src/cortexm/exception_handlers.o
 .debug_line    0x0000000000008f74      0x61b ./system/src/cmsis/system_stm32f4xx.o
 .debug_line    0x000000000000958f      0x11b ./system/src/cmsis/vectors_stm32f407xx.o
 .debug_line    0x00000000000096aa      0x5f9 ./src/GSM_DIO.o
 .debug_line    0x0000000000009ca3      0x663 ./src/GSM_Modul.o
 .debug_line    0x000000000000a306      0x661 ./src/GSM_TIM.o
 .debug_line    0x000000000000a967      0x719 ./src/GSM_UART.o
 .debug_line    0x000000000000b080      0x747 ./src/gsm_adapter.o
 .debug_line    0x000000000000b7c7      0x6d3 ./src/led_button.o
 .debug_line    0x000000000000be9a      0x6d0 ./src/main.o
 .debug_line    0x000000000000c56a      0x6ba ./src/protocol.o
 .debug_line    0x000000000000cc24      0x66b ./src/stm32f4xx_hal_msp.o
 .debug_line    0x000000000000d28f      0x6d9 ./src/stm32f4xx_it.o
 .debug_line    0x000000000000d968      0x157 c:/stm32_toolchain/gcc-arm-none-eabi-5_3-151225/bin/../lib/gcc/arm-none-eabi/5.3.1/../../../../arm-none-eabi/lib/armv7e-m\libg_nano.a(lib_a-memcpy-stub.o)
 .debug_line    0x000000000000dabf      0x146 c:/stm32_toolchain/gcc-arm-none-eabi-5_3-151225/bin/../lib/gcc/arm-none-eabi/5.3.1/../../../../arm-none-eabi/lib/armv7e-m\libg_nano.a(lib_a-memset.o)
 .debug_line    0x000000000000dc05       0xe1 c:/stm32_toolchain/gcc-arm-none-eabi-5_3-151225/bin/../lib/gcc/arm-none-eabi/5.3.1/../../../../arm-none-eabi/lib/armv7e-m\libg_nano.a(lib_a-strcpy.o)

.debug_frame    0x0000000000000000     0x2128
 *(.debug_frame)
 .debug_frame   0x0000000000000000      0x188 ./system/src/stm32f4-hal/stm32f4xx_hal.o
 .debug_frame   0x0000000000000188      0x17c ./system/src/stm32f4-hal/stm32f4xx_hal_cortex.o
 .debug_frame   0x0000000000000304       0xf8 ./system/src/stm32f4-hal/stm32f4xx_hal_gpio.o
 .debug_frame   0x00000000000003fc      0x158 ./system/src/stm32f4-hal/stm32f4xx_hal_rcc.o
 .debug_frame   0x0000000000000554      0xa8c ./system/src/stm32f4-hal/stm32f4xx_hal_tim.o
 .debug_frame   0x0000000000000fe0      0x3e4 ./system/src/stm32f4-hal/stm32f4xx_hal_tim_ex.o
 .debug_frame   0x00000000000013c4      0x38c ./system/src/stm32f4-hal/stm32f4xx_hal_uart.o
 .debug_frame   0x0000000000001750       0x38 ./system/src/newlib/_exit.o
 .debug_frame   0x0000000000001788       0x7c ./system/src/newlib/_startup.o
 .debug_frame   0x0000000000001804       0x50 ./system/src/newlib/_syscalls.o
 .debug_frame   0x0000000000001854       0x40 ./system/src/newlib/assert.o
 .debug_frame   0x0000000000001894       0x40 ./system/src/cortexm/_initialize_hardware.o
 .debug_frame   0x00000000000018d4       0xe8 ./system/src/cortexm/exception_handlers.o
 .debug_frame   0x00000000000019bc       0x30 ./system/src/cmsis/system_stm32f4xx.o
 .debug_frame   0x00000000000019ec       0x20 ./system/src/cmsis/vectors_stm32f407xx.o
 .debug_frame   0x0000000000001a0c       0x40 ./src/GSM_DIO.o
 .debug_frame   0x0000000000001a4c       0x88 ./src/GSM_Modul.o
 .debug_frame   0x0000000000001ad4       0x88 ./src/GSM_TIM.o
 .debug_frame   0x0000000000001b5c      0x108 ./src/GSM_UART.o
 .debug_frame   0x0000000000001c64       0xa0 ./src/gsm_adapter.o
 .debug_frame   0x0000000000001d04      0x100 ./src/led_button.o
 .debug_frame   0x0000000000001e04       0x90 ./src/main.o
 .debug_frame   0x0000000000001e94       0x74 ./src/protocol.o
 .debug_frame   0x0000000000001f08       0x98 ./src/stm32f4xx_hal_msp.o
 .debug_frame   0x0000000000001fa0      0x120 ./src/stm32f4xx_it.o
 .debug_frame   0x00000000000020c0       0x28 c:/stm32_toolchain/gcc-arm-none-eabi-5_3-151225/bin/../lib/gcc/arm-none-eabi/5.3.1/../../../../arm-none-eabi/lib/armv7e-m\libg_nano.a(lib_a-memcpy-stub.o)
 .debug_frame   0x00000000000020e8       0x20 c:/stm32_toolchain/gcc-arm-none-eabi-5_3-151225/bin/../lib/gcc/arm-none-eabi/5.3.1/../../../../arm-none-eabi/lib/armv7e-m\libg_nano.a(lib_a-memset.o)
 .debug_frame   0x0000000000002108       0x20 c:/stm32_toolchain/gcc-arm-none-eabi-5_3-151225/bin/../lib/gcc/arm-none-eabi/5.3.1/../../../../arm-none-eabi/lib/armv7e-m\libg_nano.a(lib_a-strcpy.o)

.debug_str      0x0000000000000000    0x7d827
 *(.debug_str)
 .debug_str     0x0000000000000000    0x77315 ./system/src/stm32f4-hal/stm32f4xx_hal.o
                                      0x7773a (size before relaxing)
 .debug_str     0x0000000000077315      0x3b3 ./system/src/stm32f4-hal/stm32f4xx_hal_cortex.o
                                      0x775b7 (size before relaxing)
 .debug_str     0x00000000000776c8      0x2d5 ./system/src/stm32f4-hal/stm32f4xx_hal_gpio.o
                                      0x76fb8 (size before relaxing)
 .debug_str     0x000000000007799d      0x393 ./system/src/stm32f4-hal/stm32f4xx_hal_rcc.o
                                      0x7715d (size before relaxing)
 .debug_str     0x0000000000077d30     0x110d ./system/src/stm32f4-hal/stm32f4xx_hal_tim.o
                                      0x77dc9 (size before relaxing)
 .debug_str     0x0000000000078e3d      0x4e2 ./system/src/stm32f4-hal/stm32f4xx_hal_tim_ex.o
                                      0x77681 (size before relaxing)
 .debug_str     0x000000000007931f      0x520 ./system/src/stm32f4-hal/stm32f4xx_hal_uart.o
                                      0x77438 (size before relaxing)
 .debug_str     0x000000000007983f     0x1090 ./system/src/newlib/_exit.o
                                       0x69b9 (size before relaxing)
 .debug_str     0x000000000007a8cf      0x2d8 ./system/src/newlib/_startup.o
                                       0x5393 (size before relaxing)
 .debug_str     0x000000000007aba7     0x182a ./system/src/newlib/_syscalls.o
                                       0x71c7 (size before relaxing)
 .debug_str     0x000000000007c3d1       0x50 ./system/src/newlib/assert.o
                                       0x7436 (size before relaxing)
 .debug_str     0x000000000007c421       0x77 ./system/src/cortexm/_initialize_hardware.o
                                      0x76c6b (size before relaxing)
 .debug_str     0x000000000007c498      0x1ce ./system/src/cortexm/exception_handlers.o
                                      0x77cbf (size before relaxing)
 .debug_str     0x000000000007c666       0x46 ./system/src/cmsis/system_stm32f4xx.o
                                      0x76d54 (size before relaxing)
 .debug_str     0x000000000007c6ac       0x59 ./system/src/cmsis/vectors_stm32f407xx.o
                                       0x2ff7 (size before relaxing)
 .debug_str     0x000000000007c705       0x3e ./src/GSM_DIO.o
                                      0x76c3b (size before relaxing)
 .debug_str     0x000000000007c743      0x907 ./src/GSM_Modul.o
                                      0x77514 (size before relaxing)
 .debug_str     0x000000000007d04a       0x92 ./src/GSM_TIM.o
                                      0x77bdd (size before relaxing)
 .debug_str     0x000000000007d0dc      0x299 ./src/GSM_UART.o
                                      0x77ce9 (size before relaxing)
 .debug_str     0x000000000007d375       0xdc ./src/gsm_adapter.o
                                      0x7709e (size before relaxing)
 .debug_str     0x000000000007d451      0x10c ./src/led_button.o
                                      0x77e39 (size before relaxing)
 .debug_str     0x000000000007d55d       0x21 ./src/main.o
                                      0x77b33 (size before relaxing)
 .debug_str     0x000000000007d57e       0x7b ./src/protocol.o
                                      0x7761f (size before relaxing)
 .debug_str     0x000000000007d5f9       0x25 ./src/stm32f4xx_hal_msp.o
                                      0x77b50 (size before relaxing)
 .debug_str     0x000000000007d61e       0x6b ./src/stm32f4xx_it.o
                                      0x77a80 (size before relaxing)
 .debug_str     0x000000000007d689       0xf1 c:/stm32_toolchain/gcc-arm-none-eabi-5_3-151225/bin/../lib/gcc/arm-none-eabi/5.3.1/../../../../arm-none-eabi/lib/armv7e-m\libg_nano.a(lib_a-memcpy-stub.o)
                                        0x19d (size before relaxing)
 .debug_str     0x000000000007d77a       0x54 c:/stm32_toolchain/gcc-arm-none-eabi-5_3-151225/bin/../lib/gcc/arm-none-eabi/5.3.1/../../../../arm-none-eabi/lib/armv7e-m\libg_nano.a(lib_a-memset.o)
                                        0x17f (size before relaxing)
 .debug_str     0x000000000007d7ce       0x59 c:/stm32_toolchain/gcc-arm-none-eabi-5_3-151225/bin/../lib/gcc/arm-none-eabi/5.3.1/../../../../arm-none-eabi/lib/armv7e-m\libg_nano.a(lib_a-strcpy.o)
                                        0x17d (size before relaxing)

.debug_loc      0x0000000000000000     0x60f6
 *(.debug_loc)
 .debug_loc     0x0000000000000000       0x92 ./system/src/stm32f4-hal/stm32f4xx_hal.o
 .debug_loc     0x0000000000000092      0x56d ./system/src/stm32f4-hal/stm32f4xx_hal_cortex.o
 .debug_loc     0x00000000000005ff      0x4b0 ./system/src/stm32f4-hal/stm32f4xx_hal_gpio.o
 .debug_loc     0x0000000000000aaf      0x64a ./system/src/stm32f4-hal/stm32f4xx_hal_rcc.o
 .debug_loc     0x00000000000010f9     0x2713 ./system/src/stm32f4-hal/stm32f4xx_hal_tim.o
 .debug_loc     0x000000000000380c      0xc57 ./system/src/stm32f4-hal/stm32f4xx_hal_tim_ex.o
 .debug_loc     0x0000000000004463     0x1078 ./system/src/stm32f4-hal/stm32f4xx_hal_uart.o
 .debug_loc     0x00000000000054db      0x36e ./system/src/newlib/_startup.o
 .debug_loc     0x0000000000005849       0x63 ./system/src/newlib/_syscalls.o
 .debug_loc     0x00000000000058ac       0xc6 ./system/src/newlib/assert.o
 .debug_loc     0x0000000000005972      0x132 ./system/src/cmsis/system_stm32f4xx.o
 .debug_loc     0x0000000000005aa4       0xa5 ./src/GSM_DIO.o
 .debug_loc     0x0000000000005b49       0x3a ./src/GSM_Modul.o
 .debug_loc     0x0000000000005b83       0x3a ./src/GSM_TIM.o
 .debug_loc     0x0000000000005bbd      0x150 ./src/GSM_UART.o
 .debug_loc     0x0000000000005d0d       0x8d ./src/gsm_adapter.o
 .debug_loc     0x0000000000005d9a      0x113 ./src/led_button.o
 .debug_loc     0x0000000000005ead       0x7b ./src/protocol.o
 .debug_loc     0x0000000000005f28       0xcf ./src/stm32f4xx_hal_msp.o
 .debug_loc     0x0000000000005ff7       0x87 c:/stm32_toolchain/gcc-arm-none-eabi-5_3-151225/bin/../lib/gcc/arm-none-eabi/5.3.1/../../../../arm-none-eabi/lib/armv7e-m\libg_nano.a(lib_a-memcpy-stub.o)
 .debug_loc     0x000000000000607e       0x57 c:/stm32_toolchain/gcc-arm-none-eabi-5_3-151225/bin/../lib/gcc/arm-none-eabi/5.3.1/../../../../arm-none-eabi/lib/armv7e-m\libg_nano.a(lib_a-memset.o)
 .debug_loc     0x00000000000060d5       0x21 c:/stm32_toolchain/gcc-arm-none-eabi-5_3-151225/bin/../lib/gcc/arm-none-eabi/5.3.1/../../../../arm-none-eabi/lib/armv7e-m\libg_nano.a(lib_a-strcpy.o)

.debug_macinfo
 *(.debug_macinfo)

.debug_weaknames
 *(.debug_weaknames)

.debug_funcnames
 *(.debug_funcnames)

.debug_typenames
 *(.debug_typenames)

.debug_varnames
 *(.debug_varnames)
OUTPUT(UART.elf elf32-littlearm)

.debug_ranges   0x0000000000000000      0xb90
 .debug_ranges  0x0000000000000000       0xb0 ./system/src/stm32f4-hal/stm32f4xx_hal.o
 .debug_ranges  0x00000000000000b0       0x88 ./system/src/stm32f4-hal/stm32f4xx_hal_cortex.o
 .debug_ranges  0x0000000000000138       0x48 ./system/src/stm32f4-hal/stm32f4xx_hal_gpio.o
 .debug_ranges  0x0000000000000180       0x78 ./system/src/stm32f4-hal/stm32f4xx_hal_rcc.o
 .debug_ranges  0x00000000000001f8      0x358 ./system/src/stm32f4-hal/stm32f4xx_hal_tim.o
 .debug_ranges  0x0000000000000550      0x130 ./system/src/stm32f4-hal/stm32f4xx_hal_tim_ex.o
 .debug_ranges  0x0000000000000680      0x140 ./system/src/stm32f4-hal/stm32f4xx_hal_uart.o
 .debug_ranges  0x00000000000007c0       0x18 ./system/src/newlib/_exit.o
 .debug_ranges  0x00000000000007d8       0x30 ./system/src/newlib/_startup.o
 .debug_ranges  0x0000000000000808       0x20 ./system/src/newlib/_syscalls.o
 .debug_ranges  0x0000000000000828       0x18 ./system/src/newlib/assert.o
 .debug_ranges  0x0000000000000840       0x18 ./system/src/cortexm/_initialize_hardware.o
 .debug_ranges  0x0000000000000858       0x70 ./system/src/cortexm/exception_handlers.o
 .debug_ranges  0x00000000000008c8       0x18 ./system/src/cmsis/system_stm32f4xx.o
 .debug_ranges  0x00000000000008e0       0x10 ./system/src/cmsis/vectors_stm32f407xx.o
 .debug_ranges  0x00000000000008f0       0x18 ./src/GSM_DIO.o
 .debug_ranges  0x0000000000000908       0x30 ./src/GSM_Modul.o
 .debug_ranges  0x0000000000000938       0x38 ./src/GSM_TIM.o
 .debug_ranges  0x0000000000000970       0x60 ./src/GSM_UART.o
 .debug_ranges  0x00000000000009d0       0x38 ./src/gsm_adapter.o
 .debug_ranges  0x0000000000000a08       0x58 ./src/led_button.o
 .debug_ranges  0x0000000000000a60       0x30 ./src/main.o
 .debug_ranges  0x0000000000000a90       0x28 ./src/protocol.o
 .debug_ranges  0x0000000000000ab8       0x30 ./src/stm32f4xx_hal_msp.o
 .debug_ranges  0x0000000000000ae8       0x78 ./src/stm32f4xx_it.o
 .debug_ranges  0x0000000000000b60       0x10 c:/stm32_toolchain/gcc-arm-none-eabi-5_3-151225/bin/../lib/gcc/arm-none-eabi/5.3.1/../../../../arm-none-eabi/lib/armv7e-m\libg_nano.a(lib_a-memcpy-stub.o)
 .debug_ranges  0x0000000000000b70       0x10 c:/stm32_toolchain/gcc-arm-none-eabi-5_3-151225/bin/../lib/gcc/arm-none-eabi/5.3.1/../../../../arm-none-eabi/lib/armv7e-m\libg_nano.a(lib_a-memset.o)
 .debug_ranges  0x0000000000000b80       0x10 c:/stm32_toolchain/gcc-arm-none-eabi-5_3-151225/bin/../lib/gcc/arm-none-eabi/5.3.1/../../../../arm-none-eabi/lib/armv7e-m\libg_nano.a(lib_a-strcpy.o)

.debug_macro    0x0000000000000000    0x1690f
 .debug_macro   0x0000000000000000      0x2ea ./system/src/stm32f4-hal/stm32f4xx_hal.o
 .debug_macro   0x00000000000002ea      0x88c ./system/src/stm32f4-hal/stm32f4xx_hal.o
 .debug_macro   0x0000000000000b76      0x1a8 ./system/src/stm32f4-hal/stm32f4xx_hal.o
 .debug_macro   0x0000000000000d1e       0x2e ./system/src/stm32f4-hal/stm32f4xx_hal.o
 .debug_macro   0x0000000000000d4c       0x28 ./system/src/stm32f4-hal/stm32f4xx_hal.o
 .debug_macro   0x0000000000000d74      0x34e ./system/src/stm32f4-hal/stm32f4xx_hal.o
 .debug_macro   0x00000000000010c2       0x35 ./system/src/stm32f4-hal/stm32f4xx_hal.o
 .debug_macro   0x00000000000010f7       0x50 ./system/src/stm32f4-hal/stm32f4xx_hal.o
 .debug_macro   0x0000000000001147      0xe66 ./system/src/stm32f4-hal/stm32f4xx_hal.o
 .debug_macro   0x0000000000001fad     0x9335 ./system/src/stm32f4-hal/stm32f4xx_hal.o
 .debug_macro   0x000000000000b2e2       0x43 ./system/src/stm32f4-hal/stm32f4xx_hal.o
 .debug_macro   0x000000000000b325     0x3222 ./system/src/stm32f4-hal/stm32f4xx_hal.o
 .debug_macro   0x000000000000e547       0x46 ./system/src/stm32f4-hal/stm32f4xx_hal.o
 .debug_macro   0x000000000000e58d       0x22 ./system/src/stm32f4-hal/stm32f4xx_hal.o
 .debug_macro   0x000000000000e5af       0x3c ./system/src/stm32f4-hal/stm32f4xx_hal.o
 .debug_macro   0x000000000000e5eb       0x9c ./system/src/stm32f4-hal/stm32f4xx_hal.o
 .debug_macro   0x000000000000e687       0x16 ./system/src/stm32f4-hal/stm32f4xx_hal.o
 .debug_macro   0x000000000000e69d       0x4a ./system/src/stm32f4-hal/stm32f4xx_hal.o
 .debug_macro   0x000000000000e6e7       0x97 ./system/src/stm32f4-hal/stm32f4xx_hal.o
 .debug_macro   0x000000000000e77e      0x329 ./system/src/stm32f4-hal/stm32f4xx_hal.o
 .debug_macro   0x000000000000eaa7       0xfd ./system/src/stm32f4-hal/stm32f4xx_hal.o
 .debug_macro   0x000000000000eba4       0x10 ./system/src/stm32f4-hal/stm32f4xx_hal.o
 .debug_macro   0x000000000000ebb4       0x52 ./system/src/stm32f4-hal/stm32f4xx_hal.o
 .debug_macro   0x000000000000ec06       0x16 ./system/src/stm32f4-hal/stm32f4xx_hal.o
 .debug_macro   0x000000000000ec1c       0x43 ./system/src/stm32f4-hal/stm32f4xx_hal.o
 .debug_macro   0x000000000000ec5f       0x7d ./system/src/stm32f4-hal/stm32f4xx_hal.o
 .debug_macro   0x000000000000ecdc       0x1c ./system/src/stm32f4-hal/stm32f4xx_hal.o
 .debug_macro   0x000000000000ecf8      0x12a ./system/src/stm32f4-hal/stm32f4xx_hal.o
 .debug_macro   0x000000000000ee22       0x10 ./system/src/stm32f4-hal/stm32f4xx_hal.o
 .debug_macro   0x000000000000ee32       0x22 ./system/src/stm32f4-hal/stm32f4xx_hal.o
 .debug_macro   0x000000000000ee54       0x22 ./system/src/stm32f4-hal/stm32f4xx_hal.o
 .debug_macro   0x000000000000ee76       0x78 ./system/src/stm32f4-hal/stm32f4xx_hal.o
 .debug_macro   0x000000000000eeee       0x16 ./system/src/stm32f4-hal/stm32f4xx_hal.o
 .debug_macro   0x000000000000ef04      0x16d ./system/src/stm32f4-hal/stm32f4xx_hal.o
 .debug_macro   0x000000000000f071       0x57 ./system/src/stm32f4-hal/stm32f4xx_hal.o
 .debug_macro   0x000000000000f0c8      0x71f ./system/src/stm32f4-hal/stm32f4xx_hal.o
 .debug_macro   0x000000000000f7e7      0x8b5 ./system/src/stm32f4-hal/stm32f4xx_hal.o
 .debug_macro   0x000000000001009c      0x11e ./system/src/stm32f4-hal/stm32f4xx_hal.o
 .debug_macro   0x00000000000101ba      0x13e ./system/src/stm32f4-hal/stm32f4xx_hal.o
 .debug_macro   0x00000000000102f8       0x27 ./system/src/stm32f4-hal/stm32f4xx_hal.o
 .debug_macro   0x000000000001031f      0x272 ./system/src/stm32f4-hal/stm32f4xx_hal.o
 .debug_macro   0x0000000000010591       0x5f ./system/src/stm32f4-hal/stm32f4xx_hal.o
 .debug_macro   0x00000000000105f0      0x241 ./system/src/stm32f4-hal/stm32f4xx_hal.o
 .debug_macro   0x0000000000010831      0x13a ./system/src/stm32f4-hal/stm32f4xx_hal.o
 .debug_macro   0x000000000001096b      0x21e ./system/src/stm32f4-hal/stm32f4xx_hal.o
 .debug_macro   0x0000000000010b89       0x2e ./system/src/stm32f4-hal/stm32f4xx_hal.o
 .debug_macro   0x0000000000010bb7      0x11e ./system/src/stm32f4-hal/stm32f4xx_hal.o
 .debug_macro   0x0000000000010cd5       0x7f ./system/src/stm32f4-hal/stm32f4xx_hal.o
 .debug_macro   0x0000000000010d54       0x89 ./system/src/stm32f4-hal/stm32f4xx_hal.o
 .debug_macro   0x0000000000010ddd      0x6d9 ./system/src/stm32f4-hal/stm32f4xx_hal.o
 .debug_macro   0x00000000000114b6       0x59 ./system/src/stm32f4-hal/stm32f4xx_hal.o
 .debug_macro   0x000000000001150f      0x14d ./system/src/stm32f4-hal/stm32f4xx_hal.o
 .debug_macro   0x000000000001165c      0x287 ./system/src/stm32f4-hal/stm32f4xx_hal.o
 .debug_macro   0x00000000000118e3      0x225 ./system/src/stm32f4-hal/stm32f4xx_hal.o
 .debug_macro   0x0000000000011b08      0x125 ./system/src/stm32f4-hal/stm32f4xx_hal.o
 .debug_macro   0x0000000000011c2d      0x29c ./system/src/stm32f4-hal/stm32f4xx_hal_cortex.o
 .debug_macro   0x0000000000011ec9      0x2d4 ./system/src/stm32f4-hal/stm32f4xx_hal_gpio.o
 .debug_macro   0x000000000001219d      0x2c6 ./system/src/stm32f4-hal/stm32f4xx_hal_rcc.o
 .debug_macro   0x0000000000012463      0x29d ./system/src/stm32f4-hal/stm32f4xx_hal_tim.o
 .debug_macro   0x0000000000012700      0x29c ./system/src/stm32f4-hal/stm32f4xx_hal_tim_ex.o
 .debug_macro   0x000000000001299c      0x2a4 ./system/src/stm32f4-hal/stm32f4xx_hal_uart.o
 .debug_macro   0x0000000000012c40      0x140 ./system/src/newlib/_exit.o
 .debug_macro   0x0000000000012d80      0x10e ./system/src/newlib/_exit.o
 .debug_macro   0x0000000000012e8e       0x8d ./system/src/newlib/_exit.o
 .debug_macro   0x0000000000012f1b       0x35 ./system/src/newlib/_exit.o
 .debug_macro   0x0000000000012f50       0xf7 ./system/src/newlib/_startup.o
 .debug_macro   0x0000000000013047      0x892 ./system/src/newlib/_startup.o
 .debug_macro   0x00000000000138d9      0x1cf ./system/src/newlib/_syscalls.o
 .debug_macro   0x0000000000013aa8       0x1c ./system/src/newlib/_syscalls.o
 .debug_macro   0x0000000000013ac4       0x16 ./system/src/newlib/_syscalls.o
 .debug_macro   0x0000000000013ada       0x10 ./system/src/newlib/_syscalls.o
 .debug_macro   0x0000000000013aea       0x10 ./system/src/newlib/_syscalls.o
 .debug_macro   0x0000000000013afa       0x10 ./system/src/newlib/_syscalls.o
 .debug_macro   0x0000000000013b0a       0x35 ./system/src/newlib/_syscalls.o
 .debug_macro   0x0000000000013b3f      0x122 ./system/src/newlib/_syscalls.o
 .debug_macro   0x0000000000013c61       0x2e ./system/src/newlib/_syscalls.o
 .debug_macro   0x0000000000013c8f       0x40 ./system/src/newlib/_syscalls.o
 .debug_macro   0x0000000000013ccf       0x82 ./system/src/newlib/_syscalls.o
 .debug_macro   0x0000000000013d51       0x2b ./system/src/newlib/_syscalls.o
 .debug_macro   0x0000000000013d7c      0x118 ./system/src/newlib/_syscalls.o
 .debug_macro   0x0000000000013e94      0x159 ./system/src/newlib/_syscalls.o
 .debug_macro   0x0000000000013fed       0x16 ./system/src/newlib/_syscalls.o
 .debug_macro   0x0000000000014003      0x15c ./system/src/newlib/assert.o
 .debug_macro   0x000000000001415f       0x16 ./system/src/newlib/assert.o
 .debug_macro   0x0000000000014175      0x2a6 ./system/src/cortexm/_initialize_hardware.o
 .debug_macro   0x000000000001441b      0x2fb ./system/src/cortexm/exception_handlers.o
 .debug_macro   0x0000000000014716       0x3b ./system/src/cortexm/exception_handlers.o
 .debug_macro   0x0000000000014751       0x22 ./system/src/cortexm/exception_handlers.o
 .debug_macro   0x0000000000014773       0x16 ./system/src/cortexm/exception_handlers.o
 .debug_macro   0x0000000000014789      0x2a2 ./system/src/cmsis/system_stm32f4xx.o
 .debug_macro   0x0000000000014a2b       0x34 ./system/src/cmsis/vectors_stm32f407xx.o
 .debug_macro   0x0000000000014a5f      0x2a6 ./src/GSM_DIO.o
 .debug_macro   0x0000000000014d05      0x2c2 ./src/GSM_Modul.o
 .debug_macro   0x0000000000014fc7       0x70 ./src/GSM_Modul.o
 .debug_macro   0x0000000000015037       0xac ./src/GSM_Modul.o
 .debug_macro   0x00000000000150e3      0x2af ./src/GSM_TIM.o
 .debug_macro   0x0000000000015392      0x2f1 ./src/GSM_UART.o
 .debug_macro   0x0000000000015683       0x6a ./src/GSM_UART.o
 .debug_macro   0x00000000000156ed       0x22 ./src/GSM_UART.o
 .debug_macro   0x000000000001570f       0x3a ./src/GSM_UART.o
 .debug_macro   0x0000000000015749      0x2e6 ./src/gsm_adapter.o
 .debug_macro   0x0000000000015a2f       0x10 ./src/gsm_adapter.o
 .debug_macro   0x0000000000015a3f       0x1c ./src/gsm_adapter.o
 .debug_macro   0x0000000000015a5b      0x2ab ./src/led_button.o
 .debug_macro   0x0000000000015d06       0xa6 ./src/led_button.o
 .debug_macro   0x0000000000015dac      0x2f6 ./src/main.o
 .debug_macro   0x00000000000160a2      0x319 ./src/protocol.o
 .debug_macro   0x00000000000163bb      0x2a5 ./src/stm32f4xx_hal_msp.o
 .debug_macro   0x0000000000016660      0x2af ./src/stm32f4xx_it.o
